Nonlinear  solve converged due to CONVERGED_FNORM_ABS iterations 10
