---------------------------------------
TV tests
Obj 0.0113776
ObjectiveFunction::TestFDGradient, delta: 1e-06
-> hang tight while computing design gradient
||g|| = 0.00245451, ||g_fd|| = 0.00245451, ||g - g_fd|| = 1.02763e-11, ||g-g_fd||/||g_fd|| = 4.18671e-09, cos() = 1.
ObjectiveFunction::TestFDHessian design x design
||H||_F = 0.0120755, ||H_fd||_F = 0.0120755, ||H - H_fd||_F = 1.12054e-08, ||H-H_fd||_F/||H_fd||_F = 9.27948e-07
---------------------------------------
Tikhonov tests
Obj 0.210439
ObjectiveFunction::TestFDGradient, delta: 1e-06
-> hang tight while computing design gradient
||g|| = 0.0423127, ||g_fd|| = 0.0423127, ||g - g_fd|| = 2.31654e-10, ||g-g_fd||/||g_fd|| = 5.47483e-09, cos() = 1.
ObjectiveFunction::TestFDHessian design x design
||H||_F = 0.0564733, ||H_fd||_F = 0.0564733, ||H - H_fd||_F = 2.03424e-11, ||H-H_fd||_F/||H_fd||_F = 3.60213e-10
---------------------------------------
Image tests
Obj 0.221816
ReducedFunctional::TestFDGradient, delta: 1e-06
-> hang tight while computing state gradient
||g|| = 0.0429971, ||g_fd|| = 0.0429971, ||g - g_fd|| = 2.61592e-10, ||g-g_fd||/||g_fd|| = 6.08395e-09, cos() = 1.
ReducedFunctional::TestFDHessian
||H||_F = 0.0614279, ||H_fd||_F = 0.0614279, ||H - H_fd||_F = 1.12074e-08, ||H-H_fd||_F/||H_fd||_F = 1.82448e-07
---------------------------------------
it=0	lit=0	obj=6.930925e-01	(g,du)=-0.000000e+00	||g||=7.994422e-02	step=1.000000e+00
it=0	lit=0	obj=6.930925e-01	(g,du)=-0.000000e+00	||g||=7.994422e-02	step=1.000000e+00
