Using param fec type H1, order 2
Using state fec type L2, order 2
Error at line 289: 4.33681e-19
