Using param fec type HCURL, order 2
Using state fec type HDIV, order 2
[VP_VS] ||   op_M_pd - op_M||: 0.972439
[VP_VS] ||    op_M_m - op_M||: 2.86973e-16
[VP_VS] || op_M_pd_m - op_M||: 0.972439
[VP_VS] Test null parameter
PDOperator::TestFDGradient wrt design
||G|| = 0., ||G^T|| = 0., ||G - (G^T)^T||/||G|| = 0., ||G_fd|| = 0., ||G_fd - G|| = 0.
[VP_VS] Test non-null parameter
PDOperator::TestFDGradient wrt design
||G|| = 1.90228, ||G^T|| = 1.90228, ||G - (G^T)^T||/||G|| = 3.39909e-17, ||G_fd|| = 1.90228, ||G_fd - G|| = 3.41213e-08
