Using param fec type H1, order 2
Using state fec type HDIV, order 2
Error at line 289: 4.05293e-17
Error at line 313: 5.1719e-17
