Using param fec type HCURL, order 2
Using state fec type H1, order 2
