Using param fec type HDIV, order 2
Using state fec type L2, order 2
