Using param fec type HDIV, order 2
Using state fec type H1, order 2
