Using param fec type HCURL, order 2
Using state fec type L2, order 2
