  ---------- Testing Gradient -------------
  Run with -tao_test_gradient_view and optionally -tao_test_gradient <threshold> to show difference
    of hand-coded and finite difference gradient entries greater than <threshold>.
  Testing hand-coded Gradient, if (for double precision runs) ||G - Gfd||/||G|| is
    O(1.e-8), the hand-coded Gradient is probably correct.
  ||Gfd|| 0.00990094, ||G|| = 0.00990094, angle cosine = (Gfd'G)/||Gfd||||G|| = 1.
  2-norm ||G - Gfd||/||G|| = 1.39537e-08, ||G - Gfd|| = 1.38155e-10
  max-norm ||G - Gfd||/||G|| = 1.39537e-08, ||G - Gfd|| = 1.38155e-10
  0 TAO,  Function value: 0.0725163,  Residual: 0.00990094 
  ---------- Testing Gradient -------------
  ||Gfd|| 0.00992647, ||G|| = 0.00992647, angle cosine = (Gfd'G)/||Gfd||||G|| = 1.
  2-norm ||G - Gfd||/||G|| = 2.15192e-08, ||G - Gfd|| = 2.13609e-10
  max-norm ||G - Gfd||/||G|| = 2.15192e-08, ||G - Gfd|| = 2.13609e-10
  ---------- Testing Gradient -------------
  ||Gfd|| 0.0100295, ||G|| = 0.0100295, angle cosine = (Gfd'G)/||Gfd||||G|| = 1.
  2-norm ||G - Gfd||/||G|| = 2.58418e-07, ||G - Gfd|| = 2.5918e-09
  max-norm ||G - Gfd||/||G|| = 2.58418e-07, ||G - Gfd|| = 2.5918e-09
  ---------- Testing Gradient -------------
  ||Gfd|| 0.010456, ||G|| = 0.010456, angle cosine = (Gfd'G)/||Gfd||||G|| = 1.
  2-norm ||G - Gfd||/||G|| = 4.41682e-08, ||G - Gfd|| = 4.61821e-10
  max-norm ||G - Gfd||/||G|| = 4.41682e-08, ||G - Gfd|| = 4.61821e-10
  ---------- Testing Gradient -------------
  ||Gfd|| 0.012406, ||G|| = 0.012406, angle cosine = (Gfd'G)/||Gfd||||G|| = 1.
  2-norm ||G - Gfd||/||G|| = 3.69951e-08, ||G - Gfd|| = 4.58961e-10
  max-norm ||G - Gfd||/||G|| = 3.69951e-08, ||G - Gfd|| = 4.58961e-10
  ---------- Testing Gradient -------------
  ||Gfd|| 0.0197877, ||G|| = 0.0197877, angle cosine = (Gfd'G)/||Gfd||||G|| = 1.
  2-norm ||G - Gfd||/||G|| = 3.94796e-08, ||G - Gfd|| = 7.8121e-10
  max-norm ||G - Gfd||/||G|| = 3.94796e-08, ||G - Gfd|| = 7.8121e-10
  ---------- Testing Gradient -------------
  ||Gfd|| 0.0193934, ||G|| = 0.0191495, angle cosine = (Gfd'G)/||Gfd||||G|| = 1.
  2-norm ||G - Gfd||/||G|| = 0.012581, ||G - Gfd|| = 0.000243989
  max-norm ||G - Gfd||/||G|| = 0.012581, ||G - Gfd|| = 0.000243989
  ---------- Testing Gradient -------------
  ||Gfd|| 0.00260082, ||G|| = 0.00260082, angle cosine = (Gfd'G)/||Gfd||||G|| = 1.
  2-norm ||G - Gfd||/||G|| = 9.79583e-07, ||G - Gfd|| = 2.54772e-09
  max-norm ||G - Gfd||/||G|| = 9.79583e-07, ||G - Gfd|| = 2.54772e-09
  ---------- Testing Gradient -------------
  ||Gfd|| 0.00962241, ||G|| = 0.00962241, angle cosine = (Gfd'G)/||Gfd||||G|| = 1.
  2-norm ||G - Gfd||/||G|| = 1.41811e-07, ||G - Gfd|| = 1.36456e-09
  max-norm ||G - Gfd||/||G|| = 1.41811e-07, ||G - Gfd|| = 1.36456e-09
  ---------- Testing Gradient -------------
  ||Gfd|| 0.00138945, ||G|| = 0.00138945, angle cosine = (Gfd'G)/||Gfd||||G|| = 1.
  2-norm ||G - Gfd||/||G|| = 1.24694e-07, ||G - Gfd|| = 1.73257e-10
  max-norm ||G - Gfd||/||G|| = 1.24694e-07, ||G - Gfd|| = 1.73257e-10
  ---------- Testing Gradient -------------
  ||Gfd|| 5.37292e-05, ||G|| = 5.37293e-05, angle cosine = (Gfd'G)/||Gfd||||G|| = 1.
  2-norm ||G - Gfd||/||G|| = 2.644e-07, ||G - Gfd|| = 1.4206e-11
  max-norm ||G - Gfd||/||G|| = 2.644e-07, ||G - Gfd|| = 1.4206e-11
  ---------- Testing Gradient -------------
  ||Gfd|| 5.37292e-05, ||G|| = 5.37293e-05, angle cosine = (Gfd'G)/||Gfd||||G|| = 1.
  2-norm ||G - Gfd||/||G|| = 2.644e-07, ||G - Gfd|| = 1.4206e-11
  max-norm ||G - Gfd||/||G|| = 2.644e-07, ||G - Gfd|| = 1.4206e-11
  ---------- Testing Gradient -------------
  ||Gfd|| 5.37289e-05, ||G|| = 5.37289e-05, angle cosine = (Gfd'G)/||Gfd||||G|| = 1.
  2-norm ||G - Gfd||/||G|| = 1.36218e-07, ||G - Gfd|| = 7.31883e-12
  max-norm ||G - Gfd||/||G|| = 1.36218e-07, ||G - Gfd|| = 7.31883e-12
  ---------- Testing Gradient -------------
  ||Gfd|| 1.13918e-07, ||G|| = 1.13918e-07, angle cosine = (Gfd'G)/||Gfd||||G|| = 1.
  2-norm ||G - Gfd||/||G|| = 2.29317e-08, ||G - Gfd|| = 2.61233e-15
  max-norm ||G - Gfd||/||G|| = 2.29317e-08, ||G - Gfd|| = 2.61233e-15
  ---------- Testing Gradient -------------
  ||Gfd|| 5.37289e-05, ||G|| = 5.37289e-05, angle cosine = (Gfd'G)/||Gfd||||G|| = 1.
  2-norm ||G - Gfd||/||G|| = 1.36218e-07, ||G - Gfd|| = 7.31883e-12
  max-norm ||G - Gfd||/||G|| = 1.36218e-07, ||G - Gfd|| = 7.31883e-12
  1 TAO,  Function value: 3.99981e-13,  Residual: 1.13918e-07 
  ---------- Testing Gradient -------------
  ||Gfd|| 9.51901e-09, ||G|| = 9.51901e-09, angle cosine = (Gfd'G)/||Gfd||||G|| = 1.
  2-norm ||G - Gfd||/||G|| = 1.47948e-07, ||G - Gfd|| = 1.40832e-15
  max-norm ||G - Gfd||/||G|| = 1.47948e-07, ||G - Gfd|| = 1.40832e-15
  ---------- Testing Gradient -------------
  ||Gfd|| 7.9545e-10, ||G|| = 7.9545e-10, angle cosine = (Gfd'G)/||Gfd||||G|| = 1.
  2-norm ||G - Gfd||/||G|| = 1.63975e-08, ||G - Gfd|| = 1.30434e-17
  max-norm ||G - Gfd||/||G|| = 1.63975e-08, ||G - Gfd|| = 1.30434e-17
  ---------- Testing Gradient -------------
  ||Gfd|| 6.64715e-11, ||G|| = 6.64715e-11, angle cosine = (Gfd'G)/||Gfd||||G|| = 1.
  2-norm ||G - Gfd||/||G|| = 1.30714e-07, ||G - Gfd|| = 8.68874e-18
  max-norm ||G - Gfd||/||G|| = 1.30714e-07, ||G - Gfd|| = 8.68874e-18
  ---------- Testing Gradient -------------
  ||Gfd|| 6.64715e-11, ||G|| = 6.64715e-11, angle cosine = (Gfd'G)/||Gfd||||G|| = 1.
  2-norm ||G - Gfd||/||G|| = 1.30714e-07, ||G - Gfd|| = 8.68874e-18
  max-norm ||G - Gfd||/||G|| = 1.30714e-07, ||G - Gfd|| = 8.68874e-18
  ---------- Testing Gradient -------------
  ||Gfd|| 2.75387e-10, ||G|| = 2.75387e-10, angle cosine = (Gfd'G)/||Gfd||||G|| = 1.
  2-norm ||G - Gfd||/||G|| = 3.80732e-08, ||G - Gfd|| = 1.04849e-17
  max-norm ||G - Gfd||/||G|| = 3.80732e-08, ||G - Gfd|| = 1.04849e-17
  ---------- Testing Gradient -------------
  ||Gfd|| 4.22612e-17, ||G|| = 4.71425e-17, angle cosine = (Gfd'G)/||Gfd||||G|| = 1.
  2-norm ||G - Gfd||/||G|| = 0.103545, ||G - Gfd|| = 4.88137e-18
  max-norm ||G - Gfd||/||G|| = 0.103545, ||G - Gfd|| = 4.88137e-18
  ---------- Testing Gradient -------------
  ||Gfd|| 2.75387e-10, ||G|| = 2.75387e-10, angle cosine = (Gfd'G)/||Gfd||||G|| = 1.
  2-norm ||G - Gfd||/||G|| = 3.80732e-08, ||G - Gfd|| = 1.04849e-17
  max-norm ||G - Gfd||/||G|| = 3.80732e-08, ||G - Gfd|| = 1.04849e-17
  2 TAO,  Function value: 2.09541e-31,  Residual: 4.71425e-17 
Tao Object: 1 MPI processes
  type: tron
  Total PG its: 6,  PG tolerance: 0.001 
  TaoLineSearch Object: 1 MPI processes
    type: more-thuente
    maximum function evaluations=30
    tolerances: ftol=0.0001, rtol=1e-10, gtol=0.9
    total number of function evaluations=0
    total number of gradient evaluations=0
    total number of function/gradient evaluations=1
    using variable bounds
    Termination reason: 1
  KSP Object: 1 MPI processes
    type: stcg
    maximum iterations=10000, initial guess is zero
    tolerances:  relative=1e-05, absolute=1e-50, divergence=10000.
    left preconditioning
    using UNPRECONDITIONED norm type for convergence test
  PC Object: 1 MPI processes
    type: none
    linear system matrix = precond matrix:
    Mat Object: 1 MPI processes
      type: submatrix
      rows=1, cols=1
  total KSP iterations: 2
  Active Set subset type: subvec
  convergence tolerances: gatol=1e-13,   steptol=0.,   gttol=1e-05
  Residual in Function/Gradient:=4.71425e-17
  Objective value=2.09541e-31
  total number of iterations=2,                          (max: 50)
  total number of function evaluations=44,                  max: 4000
  total number of gradient evaluations=6,                  max: 4000
  total number of function/gradient evaluations=16,      (max: 4000)
  total number of Hessian evaluations=2
  Solution converged:    ||g(X)|| <= gatol
Vec Object: 1 MPI processes
  type: seq
1.
