mu 1., steps 0, ftime 0.5
mu 1., steps 7, ftime 0.5
  0 TAO,  Function value: 0.00926185,  Residual: 0.176584 
  1 TAO,  Function value: 3.68021e-08,  Residual: 0.00014882 
  2 TAO,  Function value: 2.61956e-14,  Residual: 6.04001e-08 
Tao Object: 1 MPI processes
  type: tron
  Total PG its: 6,  PG tolerance: 0.001 
  TaoLineSearch Object: 1 MPI processes
    type: more-thuente
    maximum function evaluations=30
    tolerances: ftol=0.0001, rtol=1e-10, gtol=0.9
    total number of function evaluations=0
    total number of gradient evaluations=0
    total number of function/gradient evaluations=1
    using variable bounds
    Termination reason: 1
  KSP Object: 1 MPI processes
    type: stcg
    maximum iterations=10000, initial guess is zero
    tolerances:  relative=1e-05, absolute=1e-50, divergence=10000.
    left preconditioning
    using UNPRECONDITIONED norm type for convergence test
  PC Object: 1 MPI processes
    type: none
    linear system matrix = precond matrix:
    Mat Object: 1 MPI processes
      type: submatrix
      rows=2, cols=2
  total KSP iterations: 4
  Active Set subset type: subvec
  convergence tolerances: gatol=1e-10,   steptol=0.,   gttol=1e-05
  Residual in Function/Gradient:=6.04001e-08
  Objective value=2.61956e-14
  total number of iterations=2,                          (max: 50)
  total number of function/gradient evaluations=9,      (max: 4000)
  total number of Hessian evaluations=2
  Solution converged:    ||g(X)||/||g(X0)|| <= gttol
