mu 1., steps 0, ftime 0.5
mu 1., steps 7, ftime 0.5
  0 TAO,  Function value: 0.00926185,  Residual: 0.176584 
  1 TAO,  Function value: 4.85843e-06,  Residual: 0.000985567 
  2 TAO,  Function value: 3.94294e-06,  Residual: 0.000885763 
  3 TAO,  Function value: 3.20077e-06,  Residual: 0.000796883 
  4 TAO,  Function value: 2.59877e-06,  Residual: 0.000717384 
  5 TAO,  Function value: 2.11031e-06,  Residual: 0.000646054 
  6 TAO,  Function value: 1.71386e-06,  Residual: 0.000581958 
  7 TAO,  Function value: 4.42713e-07,  Residual: 0.000312292 
  8 TAO,  Function value: 3.586e-07,  Residual: 0.000274615 
  9 TAO,  Function value: 2.90891e-07,  Residual: 0.000243919 
 10 TAO,  Function value: 2.36152e-07,  Residual: 0.00021799 
 11 TAO,  Function value: 1.91813e-07,  Residual: 0.000195517 
 12 TAO,  Function value: 1.55841e-07,  Residual: 0.000175741 
 13 TAO,  Function value: 1.26642e-07,  Residual: 0.000158161 
 14 TAO,  Function value: 1.02925e-07,  Residual: 0.000142439 
 15 TAO,  Function value: 8.36575e-08,  Residual: 0.000128317 
 16 TAO,  Function value: 6.80024e-08,  Residual: 0.000115647 
 17 TAO,  Function value: 1.77297e-08,  Residual: 6.33328e-05 
 18 TAO,  Function value: 1.43562e-08,  Residual: 5.534e-05 
 19 TAO,  Function value: 1.16488e-08,  Residual: 4.8966e-05 
 20 TAO,  Function value: 9.45987e-09,  Residual: 4.36599e-05 
 21 TAO,  Function value: 7.68822e-09,  Residual: 3.91048e-05 
 22 TAO,  Function value: 6.25028e-09,  Residual: 3.51249e-05 
 23 TAO,  Function value: 5.08303e-09,  Residual: 3.15935e-05 
 24 TAO,  Function value: 4.13442e-09,  Residual: 2.84476e-05 
 25 TAO,  Function value: 3.36361e-09,  Residual: 2.56078e-05 
 26 TAO,  Function value: 2.73711e-09,  Residual: 2.30903e-05 
 27 TAO,  Function value: 7.2165e-10,  Residual: 1.28194e-05 
 28 TAO,  Function value: 5.84754e-10,  Residual: 1.11606e-05 
 29 TAO,  Function value: 4.75107e-10,  Residual: 9.84483e-06 
 30 TAO,  Function value: 3.86401e-10,  Residual: 8.76596e-06 
 31 TAO,  Function value: 3.14637e-10,  Residual: 7.75517e-06 
 32 TAO,  Function value: 2.56664e-10,  Residual: 6.97866e-06 
 33 TAO,  Function value: 2.09683e-10,  Residual: 6.29677e-06 
 34 TAO,  Function value: 1.7118e-10,  Residual: 5.68298e-06 
 35 TAO,  Function value: 1.39846e-10,  Residual: 5.13452e-06 
 36 TAO,  Function value: 3.82274e-11,  Residual: 3.04926e-06 
 37 TAO,  Function value: 3.10872e-11,  Residual: 2.61726e-06 
 38 TAO,  Function value: 2.52244e-11,  Residual: 2.28206e-06 
 39 TAO,  Function value: 2.05883e-11,  Residual: 2.0238e-06 
 40 TAO,  Function value: 1.67698e-11,  Residual: 1.80464e-06 
 41 TAO,  Function value: 1.37e-11,  Residual: 1.62096e-06 
Tao Object: 1 MPI processes
  type: cg
    CG Type: prp
    Gradient steps: 0
    Reset steps: 0
  TaoLineSearch Object: 1 MPI processes
    type: more-thuente
    maximum function evaluations=30
    tolerances: ftol=0.0001, rtol=1e-10, gtol=0.9
    total number of function evaluations=0
    total number of gradient evaluations=0
    total number of function/gradient evaluations=1
    Termination reason: 1
  convergence tolerances: gatol=1e-10,   steptol=0.,   gttol=1e-05
  Residual in Function/Gradient:=1.62096e-06
  Objective value=1.37e-11
  total number of iterations=41,                          (max: 2000)
  total number of function/gradient evaluations=46,      (max: 4000)
  Solution converged:    ||g(X)||/||g(X0)|| <= gttol
