  ---------- Testing Gradient -------------
  Run with -tao_test_gradient_view and optionally -tao_test_gradient <threshold> to show difference
    of hand-coded and finite difference gradient entries greater than <threshold>.
  Testing hand-coded Gradient, if (for double precision runs) ||G - Gfd||/||G|| is
    O(1.e-8), the hand-coded Gradient is probably correct.
  ||Gfd|| 0.307231, ||G|| = 0.307231, angle cosine = (Gfd'G)/||Gfd||||G|| = 1.
  2-norm ||G - Gfd||/||G|| = 1.43774e-06, ||G - Gfd|| = 4.4172e-07
  max-norm ||G - Gfd||/||G|| = 1.43774e-06, ||G - Gfd|| = 4.4172e-07
  0 TAO,  Function value: 0.0316453,  Residual: 0.307231 
  ---------- Testing Gradient -------------
  ||Gfd|| 0.0101313, ||G|| = 0.0101313, angle cosine = (Gfd'G)/||Gfd||||G|| = 1.
  2-norm ||G - Gfd||/||G|| = 1.19018e-06, ||G - Gfd|| = 1.20581e-08
  max-norm ||G - Gfd||/||G|| = 1.19018e-06, ||G - Gfd|| = 1.20581e-08
  1 TAO,  Function value: 3.03796e-05,  Residual: 0.0101313 
  ---------- Testing Gradient -------------
  ||Gfd|| 0.000964356, ||G|| = 0.000964356, angle cosine = (Gfd'G)/||Gfd||||G|| = 1.
  2-norm ||G - Gfd||/||G|| = 1.15919e-07, ||G - Gfd|| = 1.11787e-10
  max-norm ||G - Gfd||/||G|| = 1.15919e-07, ||G - Gfd|| = 1.11787e-10
  2 TAO,  Function value: 2.76433e-07,  Residual: 0.000964356 
  ---------- Testing Gradient -------------
  ||Gfd|| 2.82554e-06, ||G|| = 2.82554e-06, angle cosine = (Gfd'G)/||Gfd||||G|| = 1.
  2-norm ||G - Gfd||/||G|| = 1.38875e-06, ||G - Gfd|| = 3.92398e-12
  max-norm ||G - Gfd||/||G|| = 1.38875e-06, ||G - Gfd|| = 3.92398e-12
  3 TAO,  Function value: 2.37223e-12,  Residual: 2.82554e-06 
  ---------- Testing Gradient -------------
  ||Gfd|| 7.89824e-10, ||G|| = 7.89863e-10, angle cosine = (Gfd'G)/||Gfd||||G|| = 1.
  2-norm ||G - Gfd||/||G|| = 4.95899e-05, ||G - Gfd|| = 3.91692e-14
  max-norm ||G - Gfd||/||G|| = 4.95899e-05, ||G - Gfd|| = 3.91692e-14
  4 TAO,  Function value: 1.85377e-19,  Residual: 7.89863e-10 
Tao Object: 1 MPI processes
  type: blmvm
  Gradient steps: 0
  Mat Object: (tao_blmvm_) 1 MPI processes
    type: lmvmbfgs
    rows=1, cols=1
      Scale type: DIAGONAL
      Scale history: 1
      Scale params: alpha=1., beta=0.5, rho=1.
      Convex factors: phi=0., theta=0.125
      Max. storage: 5
      Used storage: 3
      Number of updates: 3
      Number of rejects: 0
      Number of resets: 1
      Mat Object: (J0_) 1 MPI processes
        type: lmvmdiagbroyden
        rows=1, cols=1
          Scale history: 1
          Scale params: alpha=1., beta=0.5, rho=1.
          Convex factor: theta=0.125
          Max. storage: 1
          Used storage: 1
          Number of updates: 3
          Number of rejects: 0
          Number of resets: 1
  TaoLineSearch Object: 1 MPI processes
    type: more-thuente
    maximum function evaluations=30
    tolerances: ftol=0.0001, rtol=1e-10, gtol=0.9
    total number of function evaluations=0
    total number of gradient evaluations=0
    total number of function/gradient evaluations=1
    using variable bounds
    Termination reason: 1
  Active Set subset type: subvec
  convergence tolerances: gatol=1e-08,   steptol=0.,   gttol=0.
  Residual in Function/Gradient:=7.89863e-10
  Objective value=1.85377e-19
  total number of iterations=4,                          (max: 2000)
  total number of function evaluations=10,                  max: 4000
  total number of function/gradient evaluations=5,      (max: 4000)
  Solution converged:    ||g(X)|| <= gatol
Vec Object: 1 MPI processes
  type: seq
1.
