  ---------- Testing Gradient -------------
  Run with -tao_test_gradient_view and optionally -tao_test_gradient <threshold> to show difference
    of hand-coded and finite difference gradient entries greater than <threshold>.
  Testing hand-coded Gradient, if (for double precision runs) ||G - Gfd||/||G|| is
    O(1.e-8), the hand-coded Gradient is probably correct.
  ||Gfd|| 0.326615, ||G|| = 0.326615, angle cosine = (Gfd'G)/||Gfd||||G|| = 1.
  2-norm ||G - Gfd||/||G|| = 1.44965e-07, ||G - Gfd|| = 4.73479e-08
  max-norm ||G - Gfd||/||G|| = 1.44965e-07, ||G - Gfd|| = 4.73479e-08
  0 TAO,  Function value: 0.0335767,  Residual: 0.326615 
  ---------- Testing Gradient -------------
  ||Gfd|| 0.00999484, ||G|| = 0.00999484, angle cosine = (Gfd'G)/||Gfd||||G|| = 1.
  2-norm ||G - Gfd||/||G|| = 4.34449e-08, ||G - Gfd|| = 4.34225e-10
  max-norm ||G - Gfd||/||G|| = 4.34449e-08, ||G - Gfd|| = 4.34225e-10
  1 TAO,  Function value: 2.79819e-05,  Residual: 0.00999484 
  ---------- Testing Gradient -------------
  ||Gfd|| 0.000890691, ||G|| = 0.000890691, angle cosine = (Gfd'G)/||Gfd||||G|| = 1.
  2-norm ||G - Gfd||/||G|| = 3.01258e-07, ||G - Gfd|| = 2.68328e-10
  max-norm ||G - Gfd||/||G|| = 3.01258e-07, ||G - Gfd|| = 2.68328e-10
  2 TAO,  Function value: 2.23055e-07,  Residual: 0.000890691 
  ---------- Testing Gradient -------------
  ||Gfd|| 2.30198e-06, ||G|| = 2.30198e-06, angle cosine = (Gfd'G)/||Gfd||||G|| = 1.
  2-norm ||G - Gfd||/||G|| = 5.44797e-08, ||G - Gfd|| = 1.25411e-13
  max-norm ||G - Gfd||/||G|| = 5.44797e-08, ||G - Gfd|| = 1.25411e-13
  3 TAO,  Function value: 1.48945e-12,  Residual: 2.30198e-06 
  ---------- Testing Gradient -------------
  ||Gfd|| 5.31107e-10, ||G|| = 5.31117e-10, angle cosine = (Gfd'G)/||Gfd||||G|| = 1.
  2-norm ||G - Gfd||/||G|| = 1.80628e-05, ||G - Gfd|| = 9.59343e-15
  max-norm ||G - Gfd||/||G|| = 1.80628e-05, ||G - Gfd|| = 9.59343e-15
  4 TAO,  Function value: 7.92874e-20,  Residual: 5.31117e-10 
Tao Object: 1 MPI process
  type: blmvm
  Gradient steps: 0
  Mat Object: (tao_blmvm_) 1 MPI process
    type: lmvmbfgs
    rows=1, cols=1
      Scale type: DIAGONAL
      Scale history: 1
      Scale params: alpha=1., beta=0.5, rho=1.
      Convex factors: phi=0., theta=0.125
      Max. storage: 5
      Used storage: 3
      Number of updates: 3
      Number of rejects: 0
      Number of resets: 1
      Mat Object: (J0_) 1 MPI process
        type: lmvmdiagbroyden
        rows=1, cols=1
          Scale history: 1
          Scale params: alpha=1., beta=0.5, rho=1.
          Convex factor: theta=0.125
          Max. storage: 1
          Used storage: 1
          Number of updates: 3
          Number of rejects: 0
          Number of resets: 1
  TaoLineSearch Object: 1 MPI process
    type: more-thuente
    maximum function evaluations=30
    tolerances: ftol=0.0001, rtol=1e-10, gtol=0.9
    total number of function evaluations=0
    total number of gradient evaluations=0
    total number of function/gradient evaluations=1
    using variable bounds
    Termination reason: 1
  Active Set subset type: subvec
  convergence tolerances: gatol=1e-08,   steptol=0.,   gttol=0.
  Residual in Function/Gradient:=5.31117e-10
  Objective value=7.92874e-20
  total number of iterations=4,                          (max: 2000)
  total number of function evaluations=10,                  max: 4000
  total number of function/gradient evaluations=5,      (max: 4000)
  Solution converged:    ||g(X)|| <= gatol
Vec Object: 1 MPI process
  type: seq
1.
