Objective function: time [1.1,1.9], val 0.147821 (should be 0.147678)
Vec Object: 1 MPI processes
  type: seq
1.23321
0.060287
-0.0551575
-0.04201
Mat Object: Phi 1 MPI processes
  type: seqdense
1.2502724819918807e+00 7.4855099619780499e-02 -6.8122210631554603e-02 -5.2161472133240842e-02 
Mat Object: PhiT 1 MPI processes
  type: seqdense
1.2502724819918809e+00 
7.4855099619780513e-02 
-6.8122210631554561e-02 
-5.2161472133240815e-02 
Mat Object: ||Phi - (Phi^T)^T||/||Phi|| 1 MPI processes
  type: seqdense
1.5362036425032308e-16 9.6012727656451922e-18 2.8803818296935578e-17 1.9202545531290384e-17 
Mat Object: H 1 MPI processes
  type: seqdense
7.8879736583021156e+00 5.8178584449634396e-01 -3.5933574660771361e-01 -4.0540733055401368e-01 
5.8178584449634374e-01 3.2315818607793215e-02 -1.0342794010876936e-01 -8.2532940347234393e-02 
-3.5933574660771317e-01 -1.0342794010876934e-01 9.0054592620728666e-02 7.2071958265839314e-02 
-4.0540733055401329e-01 -8.2532940347234365e-02 7.2071958265839314e-02 6.1140638437104738e-02 
Mat Object: 1 MPI processes
  type: seqdense
0.0000000000000000e+00 -2.2204460492503131e-16 4.4408920985006262e-16 3.8857805861880479e-16 
2.2204460492503131e-16 0.0000000000000000e+00 2.7755575615628914e-17 2.7755575615628914e-17 
-4.4408920985006262e-16 -2.7755575615628914e-17 0.0000000000000000e+00 0.0000000000000000e+00 
-3.8857805861880479e-16 -2.7755575615628914e-17 0.0000000000000000e+00 0.0000000000000000e+00 
-------------------------- Taylor test results ---------------------------
		Gradient				Hessian
--------------------------------------------------------------------------
0.0360928	0.00000 	0	0.00443931	0.00000 	0
0.00845310	2.09416 	2	0.000539719	3.04006 	3
0.00204487	2.04747 	2	6.65244e-05	3.02025 	3
0.000502843	2.02383 	2	8.25706e-06	3.01018 	3
0.000124675	2.01194 	2	1.02849e-06	3.00511 	3
3.10400e-05	2.00597 	2	1.28333e-07	3.00256 	3
