Objective function: time [-1.9,-1.1], val 8.82494
Vec Object: 1 MPI processes
  type: seq
3.14918
3.40485
6.20006
5.2495
-------------------------- Taylor test results ---------------------------
		Gradient				Hessian
--------------------------------------------------------------------------
0.0426484	0.00000 	0	0.00279910	0.00000 	0
0.0103022	2.04954 	2	0.000339852	3.04198 	3
0.00253245	2.02435 	2	4.18621e-05	3.02119 	3
0.000627840	2.01206 	2	5.19438e-06	3.01062 	3
