Objective function: time [-1.9,-1.1], val 8.82499
Vec Object: 1 MPI process
  type: seq
3.14967
3.40501
6.19996
5.2494
Mat Object: Phi 1 MPI process
  type: seqdense
1.2502724819918807e+00 7.4855099619780457e-02 -6.8122210631554575e-02 -5.2161472133240468e-02 
Mat Object: PhiT 1 MPI process
  type: seqdense
1.2502724819918805e+00 
7.4855099619780416e-02 
-6.8122210631554533e-02 
-5.2161472133240447e-02 
Mat Object: ||Phi - (Phi^T)^T||/||Phi|| 1 MPI process
  type: seqdense
-1.5362036425032313e-16 -2.8803818296935584e-17 2.8803818296935584e-17 1.4401909148467792e-17 
Mat Object: H 1 MPI process
  type: seqdense
9.6646006115722862e+00 4.3568058424368966e-01 -2.6055431672687807e-01 -2.9736051479222730e-01 
4.3568058424368949e-01 4.8267097056129025e+00 -7.7795144955476292e-02 -6.2547929957637000e-02 
-2.6055431672687779e-01 -7.7795144955476306e-02 4.8674086653998918e+00 5.4023296365776102e-02 
-2.9736051479222680e-01 -6.2547929957637000e-02 5.4023296365776081e-02 4.8466118415018915e+00 
Mat Object: 1 MPI process
  type: seqdense
0.0000000000000000e+00 -1.6653345369377348e-16 2.7755575615628914e-16 4.9960036108132044e-16 
1.6653345369377348e-16 0.0000000000000000e+00 -1.3877787807814457e-17 0.0000000000000000e+00 
-2.7755575615628914e-16 1.3877787807814457e-17 0.0000000000000000e+00 -2.0816681711721685e-17 
-4.9960036108132044e-16 0.0000000000000000e+00 2.0816681711721685e-17 0.0000000000000000e+00 
-------------------------- Taylor test results ---------------------------
		Gradient				Hessian
--------------------------------------------------------------------------
0.0426694	0.00000 	0	0.00280294	0.00000 	0
0.0103069	2.04959 	2	0.000340305	3.04204 	3
0.00253357	2.02437 	2	4.19166e-05	3.02123 	3
0.000628114	2.01207 	2	5.20096e-06	3.01067 	3
0.000156376	2.00601 	2	6.47714e-07	3.00535 	3
3.90129e-05	2.00300 	2	8.08141e-08	3.00268 	3
