Objective function: time [-1.9,-1.1], val 5.92063
Vec Object: 1 MPI process
  type: seq
3.14655
3.40469
6.20019
Mat Object: Phi 1 MPI process
  type: seqdense
1.2495200842243133e+00 7.4493582902813674e-02 -6.7888981995011435e-02 
Mat Object: PhiT 1 MPI process
  type: seqdense
1.2495200842243255e+00 
7.4493582902813979e-02 
-6.7888981995011685e-02 
Mat Object: ||Phi - (Phi^T)^T||/||Phi|| 1 MPI process
  type: seqdense
8.7739277445725216e-15 2.1934819361431305e-16 -1.7946670386625612e-16 
Mat Object: H 1 MPI process
  type: seqdense
9.6430266624880190e+00 4.3231766889429046e-01 -2.5903777404645545e-01 
4.3231765026363833e-01 4.8261339658564610e+00 -7.7102879335079061e-02 
-2.5903760637058620e-01 -7.7102469460732098e-02 4.8669820991658534e+00 
Mat Object: 1 MPI process
  type: seqdense
0.0000000000000000e+00 -1.8630652132145542e-08 1.6767586924482103e-07 
1.8630652132145542e-08 0.0000000000000000e+00 4.0987434696271308e-07 
-1.6767586924482103e-07 -4.0987434696271308e-07 0.0000000000000000e+00 
-------------------------- Taylor test results ---------------------------
		Gradient				Hessian
--------------------------------------------------------------------------
0.0424658	0.00000 	0	0.00298966	0.00000 	0
0.0102306	2.05341 	2	0.000361582	3.04759 	3
0.00251171	2.02615 	2	4.44559e-05	3.02388 	3
0.000622325	2.01293 	2	5.51109e-06	3.01196 	3
0.000154890	2.00643 	2	6.86032e-07	3.00599 	3
3.86365e-05	2.00321 	2	8.55756e-08	3.00300 	3
