Objective function: time [1.1,1.9], val 0.147765 (should be 0.147658)
Vec Object: 1 MPI processes
  type: seq
1.23171
0.0598368
-0.054831
-0.0416424
Mat Object: H 1 MPI processes
  type: seqdense
7.8752111479349090e+00 5.7813446747779396e-01 -3.5763560583004428e-01 -4.0200179602842190e-01 
5.7718113500062707e-01 3.1690260328403573e-02 -1.0242007402258528e-01 -8.1708671586937884e-02 
-3.5719479389024689e-01 -1.0255152234418896e-01 8.9458853016719880e-02 7.1465238300517375e-02 
-4.0333700724400989e-01 -8.1716805576559109e-02 7.1376566020258603e-02 6.0658256350638179e-02 
