Objective function: time [0.7,0.8], val 1.02502 (should be 1.02502)
Vec Object: 1 MPI processes
  type: seq
0.100052
0.00163419
-2.26476e-05
-3.23603e-06
Mat Object: Phi 1 MPI processes
  type: seqdense
1.0010455644829965e+00 3.2695236197867149e-02 -4.5303866182347575e-04 -6.4743041981548866e-05 
Mat Object: PhiT 1 MPI processes
  type: seqdense
1.0010455644829968e+00 
3.2695236197867149e-02 
-4.5303866182347570e-04 
-6.4743041981548866e-05 
Mat Object: ||Phi - (Phi^T)^T||/||Phi|| 1 MPI processes
  type: seqdense
2.1468964213288675e-16 0.0000000000000000e+00 5.2414463411349304e-20 0.0000000000000000e+00 
Mat Object: H 1 MPI processes
  type: seqdense
2.0006271475470042e-01 5.2285087274720121e-03 -7.0976654896145346e-06 -1.0353482628657371e-05 
5.2285087274720112e-03 1.1399586393068442e-04 -2.2656285532711307e-03 -3.2382850012559335e-04 
-7.0976654896145337e-06 -2.2656285532711303e-03 3.1388526551541347e-05 4.4863931747943314e-06 
-1.0353482628657478e-05 -3.2382850012559335e-04 4.4863931747943331e-06 -3.1078234466178945e-05 
Mat Object: 1 MPI processes
  type: seqdense
0.0000000000000000e+00 -8.6736173798840355e-19 8.4703294725430034e-22 -1.0672615135404184e-19 
8.6736173798840355e-19 0.0000000000000000e+00 4.3368086899420177e-19 0.0000000000000000e+00 
-8.4703294725430034e-22 -4.3368086899420177e-19 0.0000000000000000e+00 1.6940658945086007e-21 
1.0672615135404184e-19 0.0000000000000000e+00 -1.6940658945086007e-21 0.0000000000000000e+00 
-------------------------- Taylor test results ---------------------------
		Gradient				Hessian
--------------------------------------------------------------------------
0.000814041	0.00000 	0	1.66905e-07	0.00000 	0
0.000203490	2.00015 	2	2.11786e-08	2.97835 	3
5.08698e-05	2.00007 	2	2.66763e-09	2.98898 	3
1.27171e-05	2.00004 	2	3.34740e-10	2.99444 	3
3.17924e-06	2.00002 	2	4.19232e-11	2.99722 	3
7.94805e-07	2.00001 	2	5.24541e-12	2.99862 	3
