Termination event 0 detected at time 0.4367
Objective function: time [0.41,0.4367], val 1.54865
Termination event 0 detected at time 0.4367
Vec Object: 1 MPI processes
  type: seq
0.161643
0.0472845
0.369176
Termination event 0 detected at time 0.4367
Termination event 0 detected at time 0.4367
