Objective function: time [0.41,0.44], val 22.7703
Vec Object: 1 MPI processes
  type: seq
-0.145695
1.74148
14.2449
6.85587
-------------------------- Taylor test results ---------------------------
		Gradient				Hessian
--------------------------------------------------------------------------
0.0558561	0.00000 	0	0.00400237	0.00000 	0
0.0134543	2.05365 	2	0.000490872	3.02743 	3
0.00330001	2.02753 	2	5.91490e-05	3.05292 	3
0.000816676	2.01463 	2	6.46113e-06	3.19449 	3
