Objective function: time [-1.9,-1.1], val 5.9207
Vec Object: 1 MPI process
  type: seq
3.14729
3.40493
6.20003
Mat Object: Phi 1 MPI process
  type: seqdense
1.2502724819918807e+00 7.4855099619780499e-02 -6.8122210631554603e-02 
Mat Object: PhiT 1 MPI process
  type: seqdense
1.2502724819918798e+00 
7.4855099619780457e-02 
-6.8122210631554533e-02 
Mat Object: ||Phi - (Phi^T)^T||/||Phi|| 1 MPI process
  type: seqdense
-6.3748684883713827e-16 -2.9882196039240855e-17 4.9803660065401429e-17 
Mat Object: H 1 MPI process
  type: seqdense
9.6497296442929148e+00 4.3494917251265641e-01 -2.6009393804649755e-01 
4.3494917251265586e-01 4.8266789536358017e+00 -7.7669653893764956e-02 
-2.6009393804649755e-01 -7.7669653893764998e-02 4.8672965969619790e+00 
Mat Object: 1 MPI process
  type: seqdense
0.0000000000000000e+00 -5.5511151231257827e-16 0.0000000000000000e+00 
5.5511151231257827e-16 0.0000000000000000e+00 -4.1633363423443370e-17 
0.0000000000000000e+00 4.1633363423443370e-17 0.0000000000000000e+00 
-------------------------- Taylor test results ---------------------------
		Gradient				Hessian
--------------------------------------------------------------------------
0.0425021	0.00000 	0	0.00299708	0.00000 	0
0.0102387	2.05350 	2	0.000362450	3.04770 	3
0.00251362	2.02619 	2	4.45608e-05	3.02393 	3
0.000622789	2.01295 	2	5.52401e-06	3.01199 	3
0.000155004	2.00644 	2	6.87636e-07	3.00600 	3
3.86649e-05	2.00321 	2	8.57759e-08	3.00300 	3
