Objective function: time [-1.9,-1.1], val 5.92063
Vec Object: 1 MPI processes
  type: seq
3.14655
3.40469
6.20019
Mat Object: Phi 1 MPI processes
  type: seqdense
1.2495200842243133e+00 7.4493582902813674e-02 -6.7888981995011435e-02 
Mat Object: PhiT 1 MPI processes
  type: seqdense
1.2495200842243255e+00 
7.4493582902813979e-02 
-6.7888981995011685e-02 
Mat Object: ||Phi - (Phi^T)^T||/||Phi|| 1 MPI processes
  type: seqdense
8.7739277445725216e-15 2.1934819361431305e-16 -1.7946670386625612e-16 
Mat Object: H 1 MPI processes
  type: seqdense
9.6430262940292391e+00 4.3231759194559088e-01 -2.5903772857694568e-01 
4.3231759194558850e-01 4.8261340023808934e+00 -7.7102805930278712e-02 
-2.5903772857694396e-01 -7.7102805930278670e-02 4.8669821100645247e+00 
Mat Object: 1 MPI processes
  type: seqdense
0.0000000000000000e+00 -2.3869795029440866e-15 1.7208456881689926e-15 
2.3869795029440866e-15 0.0000000000000000e+00 4.1633363423443370e-17 
-1.7208456881689926e-15 -4.1633363423443370e-17 0.0000000000000000e+00 
-------------------------- Taylor test results ---------------------------
		Gradient				Hessian
--------------------------------------------------------------------------
0.0424658	0.00000 	0	0.00298965	0.00000 	0
0.0102306	2.05341 	2	0.000361579	3.04760 	3
0.00251171	2.02615 	2	4.44543e-05	3.02391 	3
0.000622325	2.01293 	2	5.51038e-06	3.01210 	3
0.000154889	2.00643 	2	6.85687e-07	3.00653 	3
3.86363e-05	2.00321 	2	8.54060e-08	3.00514 	3
