Using Lorentz parameters: 2.66667 10. 28.
Mat Object: Phi 1 MPI processes
  type: seqdense
1.2706312290438271e+00 9.1119854410542866e-01 -2.6950659148511302e-02 
2.5465025316718335e+00 2.0872459824666456e+00 -8.3955239661691827e-02 
1.7577453156542222e-01 1.4208016943670820e-01 7.6213491578651971e-01 
Mat Object: PhiT 1 MPI processes
  type: seqdense
1.2706312290438275e+00 2.5465025316718424e+00 1.7577453156542183e-01 
9.1119854410543066e-01 2.0872459824666554e+00 1.4208016943670818e-01 
-2.6950659148511372e-02 -8.3955239661692257e-02 7.6213491578652037e-01 
Mat Object: ||Phi - (Phi^T)^T||/||Phi|| 1 MPI processes
  type: seqdense
9.4132491785297685e-17 4.2359621303383959e-16 -1.4708201841452762e-17 
1.8826498357059536e-15 2.0709148192765490e-15 -9.1190851417007132e-17 
-8.2365930312135473e-17 -5.8832807365811053e-18 1.4119873767794652e-16 
