Using Lorentz parameters: 2.66667 10. 28.
Mat Object: Phi 1 MPI process
  type: seqdense
1.3924497376891465e+00 1.0856639917022683e+00 -8.1169153593478593e-02 
1.2613820268255400e+00 9.8238462577764252e-01 2.8052656704098372e-01 
-1.7319423468898016e+00 -1.3516548436401985e+00 5.2232022926067545e-01 
Mat Object: PhiT 1 MPI process
  type: seqdense
1.3924463815938903e+00 1.2613108179676120e+00 -1.7320188806114398e+00 
1.0856614045762751e+00 9.8232903387869930e-01 -1.3517146699389946e+00 
-8.1170845398560926e-02 2.8052598902601977e-01 5.2232358921179278e-01 
