Using Oscillator with Omega and Gamma: 3. 2.
Mat Object: Phi 1 MPI process
  type: seqdense
9.6073761129761526e-01 8.1193748888707229e-02 
-7.3074373999836528e-01 6.3596261574278601e-01 
Mat Object: PhiT 1 MPI process
  type: seqdense
9.6073761129761504e-01 -7.3074373999836484e-01 
8.1193748888707229e-02 6.3596261574278634e-01 
Mat Object: ||Phi - (Phi^T)^T||/||Phi|| 1 MPI process
  type: seqdense
-1.6246694397248098e-16 0.0000000000000000e+00 
3.2493388794496195e-16 2.4370041595872146e-16 
