Using Lorentz parameters: 2.66667 10. 28.
Mat Object: Phi 1 MPI processes
  type: seqdense
1.2706283113006425e+00 9.1119897743767653e-01 -2.6947704185162458e-02 
2.5464941843019768e+00 2.0872483053944504e+00 -8.3948670345720774e-02 
1.7582219135858926e-01 1.4203226332590441e-01 7.6213531490562758e-01 
Mat Object: PhiT 1 MPI processes
  type: seqdense
1.2706283113006425e+00 2.5464941843019768e+00 1.7582219135858926e-01 
9.1119897743767631e-01 2.0872483053944499e+00 1.4203226332590438e-01 
-2.6947704185162472e-02 -8.3948670345720844e-02 7.6213531490562769e-01 
Mat Object: ||Phi - (Phi^T)^T||/||Phi|| 1 MPI processes
  type: seqdense
0.0000000000000000e+00 -4.7066371534809743e-17 -2.9416482209256090e-18 
0.0000000000000000e+00 -9.4132743069619487e-17 -1.4708241104628046e-17 
0.0000000000000000e+00 -5.8832964418512179e-18 2.3533185767404872e-17 
