Using Lorentz parameters: 2.66667 10. 28.
Mat Object: Phi 1 MPI process
  type: seqdense
1.2875792511484054e+00 9.2105130626844745e-01 -2.7686780963544575e-02 
2.5737308222829434e+00 2.1129131492799873e+00 -8.5775204246538519e-02 
1.8213417845862084e-01 1.4622105555054840e-01 7.6238493213773229e-01 
Mat Object: PhiT 1 MPI process
  type: seqdense
1.2875792511484054e+00 2.5737308222829443e+00 1.8213417845862073e-01 
9.2105130626844745e-01 2.1129131492799877e+00 1.4622105555054835e-01 
-2.7686780963544565e-02 -8.5775204246538575e-02 7.6238493213773206e-01 
Mat Object: ||Phi - (Phi^T)^T||/||Phi|| 1 MPI process
  type: seqdense
0.0000000000000000e+00 0.0000000000000000e+00 2.1809360143004291e-18 
1.8610653988696995e-16 9.3053269943484976e-17 -1.1631658742935622e-17 
-2.3263317485871244e-17 -1.1631658742935622e-17 -4.6526634971742488e-17 
