Using Oscillator with Omega and Gamma: 3. 2.
Mat Object: Phi 1 MPI processes
  type: seqdense
9.5959870200729824e-01 8.0538246185990467e-02 
-7.2484421567391433e-01 6.3744571726333632e-01 
Mat Object: PhiT 1 MPI processes
  type: seqdense
9.5959870200729813e-01 -7.2484421567391433e-01 
8.0538246185990481e-02 6.3744571726333654e-01 
Mat Object: ||Phi - (Phi^T)^T||/||Phi|| 1 MPI processes
  type: seqdense
-8.1496823677716723e-17 1.0187102959714590e-17 
0.0000000000000000e+00 1.6299364735543345e-16 
