  ---------- Testing Gradient -------------
  Run with -tao_test_gradient_view and optionally -tao_test_gradient <threshold> to show difference
    of hand-coded and finite difference gradient entries greater than <threshold>.
  Testing hand-coded Gradient, if (for double precision runs) ||G - Gfd||_F/||G||_F is
    O(1.e-8), the hand-coded Hessian is probably correct.
  ||Gfd|| 0., ||G|| = 0., angle cosine = (Gfd'G)/||Gfd||||G|| = -nan.
  2-norm ||G - Gfd||/||G|| = -nan., ||G - Gfd|| = 0.
  max-norm ||G - Gfd||/||G|| = -nan., ||G - Gfd|| = 0.
-------------------------- Taylor test results ---------------------------
		Gradient				Hessian
--------------------------------------------------------------------------
0       	0       	0	0       	0       	0
0       	0       	0	0       	0       	0
0       	0       	0	0       	0       	0
0       	0       	0	0       	0       	0
