
Initial state
Vec Object: 1 MPI process
  type: seq
0.5
0.5

Final state
Vec Object: 1 MPI process
  type: seq
0.5595
0.451992
  0 TAO,  Function value: 0.247176,  Residual: 1.71947 
  ---------- Testing Hessian -------------
  Run with -tao_test_hessian_view and optionally -tao_test_hessian <threshold> to show difference
    of hand-coded and finite difference Hessian entries greater than <threshold>.
  Testing hand-coded Hessian, if (for double precision runs) ||J - Jfd||_F/||J||_F is
    O(1.e-8), the hand-coded Hessian is probably correct.
  ||H - Hfd||_F/||H||_F = 5.0242e-08, ||H - Hfd||_F = 5.17853e-07
  0 TAO,  Function value: 0.0243269,  Residual: 0.0717703 
  ---------- Testing Hessian -------------
  ||H - Hfd||_F/||H||_F = 2.86279e-08, ||H - Hfd||_F = 3.60517e-08
  1 TAO,  Function value: 0.007737,  Residual: 0.207049 
  ---------- Testing Hessian -------------
  ||H - Hfd||_F/||H||_F = 4.56396e-08, ||H - Hfd||_F = 1.48671e-07
  2 TAO,  Function value: 0.000280887,  Residual: 0.0345694 
  ---------- Testing Hessian -------------
  ||H - Hfd||_F/||H||_F = 4.03274e-08, ||H - Hfd||_F = 8.9088e-08
  3 TAO,  Function value: 7.97186e-07,  Residual: 0.00173596 
  ---------- Testing Hessian -------------
  ||H - Hfd||_F/||H||_F = 7.40292e-08, ||H - Hfd||_F = 1.47467e-07
  4 TAO,  Function value: 8.76139e-12,  Residual: 5.59933e-06 
  ---------- Testing Hessian -------------
  ||H - Hfd||_F/||H||_F = 4.48933e-08, ||H - Hfd||_F = 8.88892e-08
  5 TAO,  Function value: 1.09373e-21,  Residual: 6.23126e-11 

Tao solution
Vec Object: 1 MPI process
  type: seq
-0.346574
0.346574
-0.693147

Initial state solution
Vec Object: 1 MPI process
  type: seq
0.5
0.5

Gradient via adjoint
Vec Object: 1 MPI process
  type: seq
-0.0334845
0.0334845
0.486142

Gradient of objective function
Vec Object: 1 MPI process
  type: seq
-0.0267968
0.461257

Gradient via adjoint (TLM)
Vec Object: 1 MPI process
  type: seq
-0.0334878
0.0334878
0.486153

TLM matrices (Phi, Phi^T and Phi-(Phi^T)^T)
Mat Object: 1 MPI process
  type: seqdense
-5.2660262402020186e-01 5.2660262402020186e-01 9.4399025450753338e-01 
-1.0319434263128693e-01 1.0319434263128693e-01 1.1088160704898522e+00 
Mat Object: 1 MPI process
  type: seqdense
-5.2660262402022084e-01 -1.0319434263146962e-01 
5.2660262402022084e-01 1.0319434263146962e-01 
9.4399025450718488e-01 1.1088160704904702e+00 
Mat Object: 1 MPI process
  type: seqdense
-1.8984813721090177e-14 1.8984813721090177e-14 -3.4849900742983664e-13 
-1.8268719870206951e-13 1.8268719870206951e-13 6.1795013550636213e-13 

Gradient via TLM (explicit fwd via multtrans)
Vec Object: 1 MPI process
  type: seq
-0.0334878
0.0334878
0.486153

Gradient via TLM (explicit adj via mult)
Vec Object: 1 MPI process
  type: seq
-0.0334878
0.0334878
0.486153
Mat Object: H 1 MPI process
  type: seqdense
3.2678495386698614e-01 -3.2678495386698631e-01 -7.3411301886982672e-01 
-3.2678495386698614e-01 3.2678495386698631e-01 7.3411301886982672e-01 
-7.3411301886982638e-01 7.3411301886982649e-01 2.8649206616630338e+00 
Mat Object: 1 MPI process
  type: seqdense
0.0000000000000000e+00 1.6653345369377348e-16 3.3306690738754696e-16 
-1.6653345369377348e-16 0.0000000000000000e+00 -2.2204460492503131e-16 
-3.3306690738754696e-16 2.2204460492503131e-16 0.0000000000000000e+00 
-------------------------- Taylor test results ---------------------------
		Gradient				Hessian
--------------------------------------------------------------------------
0.000960038	0.00000 	0	7.26987e-05	0.00000 	0
0.000248896	1.94755 	2	9.28845e-06	2.96842 	3
6.33721e-05	1.97362 	2	1.17393e-06	2.98409 	3
1.59889e-05	1.98677 	2	1.47556e-07	2.99201 	3
4.01563e-06	1.99338 	2	1.84957e-08	2.99600 	3
1.00622e-06	1.99669 	2	2.31518e-09	2.99800 	3
