
Initial state
Vec Object: 1 MPI process
  type: seq
0.5
0.5

Final state
Vec Object: 1 MPI process
  type: seq
0.526271
0.47623
  ---------- Testing Gradient -------------
  Run with -tao_test_gradient_view and optionally -tao_test_gradient <threshold> to show difference
    of hand-coded and finite difference gradient entries greater than <threshold>.
  Testing hand-coded Gradient, if (for double precision runs) ||G - Gfd||/||G|| is
    O(1.e-8), the hand-coded Gradient is probably correct.
  ||Gfd|| 1.69185, ||G|| = 1.69185, angle cosine = (Gfd'G)/||Gfd||||G|| = 1.
  2-norm ||G - Gfd||/||G|| = 2.12816e-08, ||G - Gfd|| = 3.60054e-08
  max-norm ||G - Gfd||/||G|| = 1.81937e-08, ||G - Gfd|| = 2.76755e-08
  0 TAO,  Function value: 0.249377,  Residual: 1.69185 
  ---------- Testing Gradient -------------
  ||Gfd|| 0.0746792, ||G|| = 0.0746792, angle cosine = (Gfd'G)/||Gfd||||G|| = 1.
  2-norm ||G - Gfd||/||G|| = 5.58329e-08, ||G - Gfd|| = 4.16956e-09
  max-norm ||G - Gfd||/||G|| = 3.96022e-08, ||G - Gfd|| = 2.91117e-09
  1 TAO,  Function value: 0.167808,  Residual: 0.0746792 
  ---------- Testing Gradient -------------
  ||Gfd|| 0.0789477, ||G|| = 0.0789477, angle cosine = (Gfd'G)/||Gfd||||G|| = 1.
  2-norm ||G - Gfd||/||G|| = 4.64139e-08, ||G - Gfd|| = 3.66428e-09
  max-norm ||G - Gfd||/||G|| = 2.92539e-08, ||G - Gfd|| = 2.2657e-09
  ---------- Testing Gradient -------------
  ||Gfd|| 0.0972437, ||G|| = 0.0972437, angle cosine = (Gfd'G)/||Gfd||||G|| = 1.
  2-norm ||G - Gfd||/||G|| = 4.99913e-08, ||G - Gfd|| = 4.86134e-09
  max-norm ||G - Gfd||/||G|| = 4.47809e-08, ||G - Gfd|| = 4.17558e-09
  ---------- Testing Gradient -------------
  ||Gfd|| 0.372789, ||G|| = 0.372789, angle cosine = (Gfd'G)/||Gfd||||G|| = 1.
  2-norm ||G - Gfd||/||G|| = 4.36829e-08, ||G - Gfd|| = 1.62845e-08
  max-norm ||G - Gfd||/||G|| = 4.36121e-08, ||G - Gfd|| = 1.62502e-08
  ---------- Testing Gradient -------------
  ||Gfd|| 0.11946, ||G|| = 0.11946, angle cosine = (Gfd'G)/||Gfd||||G|| = 1.
  2-norm ||G - Gfd||/||G|| = 3.33413e-08, ||G - Gfd|| = 3.98293e-09
  max-norm ||G - Gfd||/||G|| = 2.54756e-08, ||G - Gfd|| = 2.35901e-09
  ---------- Testing Gradient -------------
  ||Gfd|| 0.0931945, ||G|| = 0.0931945, angle cosine = (Gfd'G)/||Gfd||||G|| = 1.
  2-norm ||G - Gfd||/||G|| = 7.48915e-08, ||G - Gfd|| = 6.97947e-09
  max-norm ||G - Gfd||/||G|| = 7.05312e-08, ||G - Gfd|| = 4.64736e-09
  2 TAO,  Function value: 0.0551862,  Residual: 0.0931945 
  ---------- Testing Gradient -------------
  ||Gfd|| 11.5168, ||G|| = 11.5168, angle cosine = (Gfd'G)/||Gfd||||G|| = 1.
  2-norm ||G - Gfd||/||G|| = 1.07285e-08, ||G - Gfd|| = 1.23557e-07
  max-norm ||G - Gfd||/||G|| = 1.03834e-08, ||G - Gfd|| = 1.03053e-07
  ---------- Testing Gradient -------------
  ||Gfd|| 0.203745, ||G|| = 0.203745, angle cosine = (Gfd'G)/||Gfd||||G|| = 1.
  2-norm ||G - Gfd||/||G|| = 7.29949e-08, ||G - Gfd|| = 1.48724e-08
  max-norm ||G - Gfd||/||G|| = 5.1863e-08, ||G - Gfd|| = 1.02372e-08
  ---------- Testing Gradient -------------
  ||Gfd|| 0.101566, ||G|| = 0.101566, angle cosine = (Gfd'G)/||Gfd||||G|| = 1.
  2-norm ||G - Gfd||/||G|| = 1.92252e-07, ||G - Gfd|| = 1.95264e-08
  max-norm ||G - Gfd||/||G|| = 2.06779e-07, ||G - Gfd|| = 1.29003e-08
  3 TAO,  Function value: 0.0530891,  Residual: 0.101566 
  ---------- Testing Gradient -------------
  ||Gfd|| 0.137511, ||G|| = 0.137511, angle cosine = (Gfd'G)/||Gfd||||G|| = 1.
  2-norm ||G - Gfd||/||G|| = 9.92606e-08, ||G - Gfd|| = 1.36494e-08
  max-norm ||G - Gfd||/||G|| = 6.9868e-08, ||G - Gfd|| = 9.51273e-09
  4 TAO,  Function value: 0.0273629,  Residual: 0.137511 
  ---------- Testing Gradient -------------
  ||Gfd|| 0.104765, ||G|| = 0.104765, angle cosine = (Gfd'G)/||Gfd||||G|| = 1.
  2-norm ||G - Gfd||/||G|| = 1.96646e-08, ||G - Gfd|| = 2.06015e-09
  max-norm ||G - Gfd||/||G|| = 1.96041e-08, ||G - Gfd|| = 1.86693e-09
  5 TAO,  Function value: 0.00336798,  Residual: 0.104765 
  ---------- Testing Gradient -------------
  ||Gfd|| 0.0900868, ||G|| = 0.0900868, angle cosine = (Gfd'G)/||Gfd||||G|| = 1.
  2-norm ||G - Gfd||/||G|| = 1.51597e-08, ||G - Gfd|| = 1.36569e-09
  max-norm ||G - Gfd||/||G|| = 1.85274e-08, ||G - Gfd|| = 1.36496e-09
  ---------- Testing Gradient -------------
  ||Gfd|| 0.0106617, ||G|| = 0.0106617, angle cosine = (Gfd'G)/||Gfd||||G|| = 1.
  2-norm ||G - Gfd||/||G|| = 1.40588e-07, ||G - Gfd|| = 1.4989e-09
  max-norm ||G - Gfd||/||G|| = 1.47922e-07, ||G - Gfd|| = 1.10891e-09
  6 TAO,  Function value: 0.000611828,  Residual: 0.0106617 
  ---------- Testing Gradient -------------
  ||Gfd|| 0.00401931, ||G|| = 0.00401931, angle cosine = (Gfd'G)/||Gfd||||G|| = 1.
  2-norm ||G - Gfd||/||G|| = 2.3893e-07, ||G - Gfd|| = 9.60335e-10
  max-norm ||G - Gfd||/||G|| = 2.38277e-07, ||G - Gfd|| = 6.75398e-10
  7 TAO,  Function value: 8.9045e-05,  Residual: 0.00401931 
  ---------- Testing Gradient -------------
  ||Gfd|| 0.000821621, ||G|| = 0.000821621, angle cosine = (Gfd'G)/||Gfd||||G|| = 1.
  2-norm ||G - Gfd||/||G|| = 4.86786e-08, ||G - Gfd|| = 3.99953e-11
  max-norm ||G - Gfd||/||G|| = 3.46011e-08, ||G - Gfd|| = 2.74844e-11
  8 TAO,  Function value: 5.84613e-07,  Residual: 0.000821621 
  ---------- Testing Gradient -------------
  ||Gfd|| 0.000138032, ||G|| = 0.000138032, angle cosine = (Gfd'G)/||Gfd||||G|| = 1.
  2-norm ||G - Gfd||/||G|| = 5.71405e-08, ||G - Gfd|| = 7.88721e-12
  max-norm ||G - Gfd||/||G|| = 3.89065e-08, ||G - Gfd|| = 4.82282e-12
  9 TAO,  Function value: 6.57332e-09,  Residual: 0.000138032 
  ---------- Testing Gradient -------------
  ||Gfd|| 5.13974e-06, ||G|| = 5.13974e-06, angle cosine = (Gfd'G)/||Gfd||||G|| = 1.
  2-norm ||G - Gfd||/||G|| = 4.92332e-08, ||G - Gfd|| = 2.53046e-13
  max-norm ||G - Gfd||/||G|| = 4.34128e-08, ||G - Gfd|| = 1.77864e-13
 10 TAO,  Function value: 8.86518e-12,  Residual: 5.13974e-06 
  ---------- Testing Gradient -------------
  ||Gfd|| 1.17642e-07, ||G|| = 1.17642e-07, angle cosine = (Gfd'G)/||Gfd||||G|| = 1.
  2-norm ||G - Gfd||/||G|| = 6.7368e-08, ||G - Gfd|| = 7.92531e-15
  max-norm ||G - Gfd||/||G|| = 8.30701e-08, ||G - Gfd|| = 6.1173e-15
 11 TAO,  Function value: 1.44287e-14,  Residual: 1.17642e-07 
  ---------- Testing Gradient -------------
  ||Gfd|| 1.48335e-11, ||G|| = 0., angle cosine = (Gfd'G)/||Gfd||||G|| = nan.
  2-norm ||G - Gfd||/||G|| = 1., ||G - Gfd|| = 1.48335e-11
  max-norm ||G - Gfd||/||G|| = 1., ||G - Gfd|| = 1.45325e-11
 12 TAO,  Function value: 2.43734e-22,  Residual: 0. 

Tao solution
Vec Object: 1 MPI process
  type: seq
-0.346574
0.346574
-0.693147

Initial state solution
Vec Object: 1 MPI process
  type: seq
0.5
0.5

Gradient via adjoint
Vec Object: 1 MPI process
  type: seq
-0.026204
0.026204
0.520582

Gradient of objective function
Vec Object: 1 MPI process
  type: seq
0.00268189
0.487313

Gradient via adjoint (TLM)
Vec Object: 1 MPI process
  type: seq
-0.026204
0.026204
0.520582

TLM matrices (Phi, Phi^T and Phi-(Phi^T)^T)
Mat Object: 1 MPI process
  type: seqdense
-5.2758619524141082e-01 5.2758619524141082e-01 1.0030301754969169e+00 
-5.0868860539130485e-02 5.0868860539130485e-02 1.0627498888813285e+00 
Mat Object: 1 MPI process
  type: seqdense
-5.2758619524141037e-01 -5.0868860539130395e-02 
5.2758619524141037e-01 5.0868860539130395e-02 
1.0030301754969151e+00 1.0627498888813278e+00 
Mat Object: 1 MPI process
  type: seqdense
4.4408920985006262e-16 -4.4408920985006262e-16 -1.7763568394002505e-15 
9.0205620750793969e-17 -9.0205620750793969e-17 -6.6613381477509392e-16 

Gradient via TLM (explicit fwd via multtrans)
Vec Object: 1 MPI process
  type: seq
-0.026204
0.026204
0.520582

Gradient via TLM (explicit adj via mult)
Vec Object: 1 MPI process
  type: seq
-0.026204
0.026204
0.520582
Mat Object: H 1 MPI process
  type: seqdense
3.0839646330509629e-01 -3.0839646330509646e-01 -6.6149726824815480e-01 
-3.0839646330509629e-01 3.0839646330509646e-01 6.6149726824815480e-01 
-6.6149726824815391e-01 6.6149726824815425e-01 2.8044736880069081e+00 
Mat Object: 1 MPI process
  type: seqdense
0.0000000000000000e+00 1.6653345369377348e-16 8.8817841970012523e-16 
-1.6653345369377348e-16 0.0000000000000000e+00 -5.5511151231257827e-16 
-8.8817841970012523e-16 5.5511151231257827e-16 0.0000000000000000e+00 
-------------------------- Taylor test results ---------------------------
		Gradient				Hessian
--------------------------------------------------------------------------
0.000907633	0.00000 	0	7.02960e-05	0.00000 	0
0.000235496	1.94641 	2	8.98604e-06	2.96769 	3
5.99846e-05	1.97304 	2	1.13601e-06	2.98371 	3
1.51373e-05	1.98648 	2	1.42808e-07	2.99182 	3
3.80214e-06	1.99323 	2	1.79018e-08	2.99590 	3
9.52768e-07	1.99661 	2	2.24091e-09	2.99795 	3
2.38472e-07	1.99831 	2	2.80313e-10	2.99897 	3
5.96530e-08	1.99915 	2	3.50516e-11	2.99949 	3
