
Initial state
Vec Object: 1 MPI processes
  type: seq
0.5
0.5

Final state
Vec Object: 1 MPI processes
  type: seq
0.526284
0.476242
  0 TAO,  Function value: 0.249365,  Residual: 1.69172 
  0 TAO,  Function value: 0.0251357,  Residual: 0.073487 
  1 TAO,  Function value: 0.000511568,  Residual: 0.0388369 
  2 TAO,  Function value: 2.50579e-07,  Residual: 0.00072326 
  3 TAO,  Function value: 8.88461e-14,  Residual: 3.12967e-07 
  4 TAO,  Function value: 1.6047e-26,  Residual: 0. 

Tao solution
Vec Object: 1 MPI processes
  type: seq
-0.346574
0.346574
-0.693147

Initial state solution
Vec Object: 1 MPI processes
  type: seq
0.5
0.5

Gradient via adjoint
Vec Object: 1 MPI processes
  type: seq
-0.026192
0.026192
0.520552

Gradient of objective function
Vec Object: 1 MPI processes
  type: seq
0.00268107
0.487313

Gradient via adjoint (TLM)
Vec Object: 1 MPI processes
  type: seq
-0.026192
0.026192
0.520552

TLM matrices (Phi, Phi^T and Phi-(Phi^T)^T)
Mat Object: 1 MPI processes
  type: seqdense
-5.2758534166276660e-01 5.2758534166276660e-01 1.0030399105843493e+00 
-5.0845128101693823e-02 5.0845128101693823e-02 1.0626907093109483e+00 
Mat Object: 1 MPI processes
  type: seqdense
-5.2758534166276638e-01 -5.0845128101693782e-02 
5.2758534166276638e-01 5.0845128101693782e-02 
1.0030399105843479e+00 1.0626907093109483e+00 
Mat Object: 1 MPI processes
  type: seqdense
2.2204460492503131e-16 -2.2204460492503131e-16 -1.3322676295501878e-15 
4.1633363423443370e-17 -4.1633363423443370e-17 0.0000000000000000e+00 

Gradient via TLM (explicit fwd via multtrans)
Vec Object: 1 MPI processes
  type: seq
-0.026192
0.026192
0.520552

Gradient via TLM (explicit adj via mult)
Vec Object: 1 MPI processes
  type: seq
-0.026192
0.026192
0.520552
Mat Object: H 1 MPI processes
  type: seqdense
2.7688295290270459e-01 -2.7688295290270459e-01 -5.5188170000170744e-01 
-2.7688295290270459e-01 2.7688295290270459e-01 5.5188170000170744e-01 
-5.5188170000170600e-01 5.5188170000170600e-01 1.3268782382286497e+00 
Mat Object: 1 MPI processes
  type: seqdense
0.0000000000000000e+00 0.0000000000000000e+00 1.4432899320127035e-15 
0.0000000000000000e+00 0.0000000000000000e+00 -1.4432899320127035e-15 
-1.4432899320127035e-15 1.4432899320127035e-15 0.0000000000000000e+00 
-------------------------- Taylor test results ---------------------------
		Gradient				Hessian
--------------------------------------------------------------------------
0.000814322	0.00000 	0	6.70747e-05	0.00000 	0
0.000211771	1.94309 	2	8.57793e-06	2.96707 	3
5.40026e-05	1.97140 	2	1.08465e-06	2.98340 	3
1.36355e-05	1.98567 	2	1.36367e-07	2.99167 	3
3.42586e-06	1.99282 	2	1.70953e-08	2.99582 	3
8.58599e-07	1.99641 	2	2.14001e-09	2.99791 	3
2.14917e-07	1.99820 	2	2.67695e-10	2.99895 	3
5.37627e-08	1.99910 	2	3.34740e-11	2.99948 	3
