
Initial state
Vec Object: 1 MPI processes
  type: seq
0.5
0.5

Final state
Vec Object: 1 MPI processes
  type: seq
0.526897
0.475719
  0 TAO,  Function value: 0.249349,  Residual: 1.69252 
  ---------- Testing Hessian -------------
  Run with -tao_test_hessian_view and optionally -tao_test_hessian <threshold> to show difference
    of hand-coded and finite difference Hessian entries greater than <threshold>.
  Testing hand-coded Hessian, if (for double precision runs) ||J - Jfd||_F/||J||_F is
    O(1.e-8), the hand-coded Hessian is probably correct.
  ||H - Hfd||_F/||H||_F = 0.238692, ||H - Hfd||_F = 2.43168
  0 TAO,  Function value: 0.0251102,  Residual: 0.0733454 
  ---------- Testing Hessian -------------
  ||H - Hfd||_F/||H||_F = 4.87483e-08, ||H - Hfd||_F = 5.94697e-08
  1 TAO,  Function value: 0.00588214,  Residual: 0.16651 
  ---------- Testing Hessian -------------
  ||H - Hfd||_F/||H||_F = 4.20597e-08, ||H - Hfd||_F = 1.19424e-07
  2 TAO,  Function value: 0.000174326,  Residual: 0.025795 
  ---------- Testing Hessian -------------
  ||H - Hfd||_F/||H||_F = 4.49138e-08, ||H - Hfd||_F = 8.91503e-08
  3 TAO,  Function value: 3.04603e-07,  Residual: 0.00104772 
  ---------- Testing Hessian -------------
  ||H - Hfd||_F/||H||_F = 4.01208e-08, ||H - Hfd||_F = 7.31401e-08
  4 TAO,  Function value: 1.33788e-12,  Residual: 2.12517e-06 
  ---------- Testing Hessian -------------
  ||H - Hfd||_F/||H||_F = 4.45113e-08, ||H - Hfd||_F = 8.08237e-08
  5 TAO,  Function value: 3.02037e-23,  Residual: 0. 

Tao solution
Vec Object: 1 MPI processes
  type: seq
-0.346574
0.346574
-0.693147

Initial state solution
Vec Object: 1 MPI processes
  type: seq
0.5
0.5

Gradient via adjoint
Vec Object: 1 MPI processes
  type: seq
-0.0264049
0.0264049
0.519959

Gradient of objective function
Vec Object: 1 MPI processes
  type: seq
0.00210075
0.486796

Gradient via adjoint (TLM)
Vec Object: 1 MPI processes
  type: seq
-0.0264049
0.0264049
0.519959

TLM matrices (Phi, Phi^T and Phi-(Phi^T)^T)
Mat Object: 1 MPI processes
  type: seqdense
-5.2756867635782922e-01 5.2756867635782922e-01 1.0018389697292247e+00 
-5.1965596982710222e-02 5.1965596982710222e-02 1.0638028118382141e+00 
Mat Object: 1 MPI processes
  type: seqdense
-5.2756867635782945e-01 -5.1965596982710138e-02 
5.2756867635782945e-01 5.1965596982710138e-02 
1.0018389697292238e+00 1.0638028118382141e+00 
Mat Object: 1 MPI processes
  type: seqdense
-2.2204460492503131e-16 2.2204460492503131e-16 -8.8817841970012523e-16 
8.3266726846886741e-17 -8.3266726846886741e-17 0.0000000000000000e+00 

Gradient via TLM (explicit fwd via multtrans)
Vec Object: 1 MPI processes
  type: seq
-0.0264049
0.0264049
0.519959

Gradient via TLM (explicit adj via mult)
Vec Object: 1 MPI processes
  type: seq
-0.0264049
0.0264049
0.519959
Mat Object: H 1 MPI processes
  type: seqdense
3.0874735360336708e-01 -3.0874735360336686e-01 -6.6306177594543358e-01 
-3.0874735360336708e-01 3.0874735360336691e-01 6.6306177594543358e-01 
-6.6306169319681507e-01 6.6306169319681474e-01 2.8061304601810297e+00 
Mat Object: 1 MPI processes
  type: seqdense
0.0000000000000000e+00 -2.2204460492503131e-16 8.2748618512873406e-08 
2.2204460492503131e-16 0.0000000000000000e+00 -8.2748618845940314e-08 
-8.2748618512873406e-08 8.2748618845940314e-08 0.0000000000000000e+00 
-------------------------- Taylor test results ---------------------------
		Gradient				Hessian
--------------------------------------------------------------------------
0.000908622	0.00000 	0	7.03356e-05	0.00000 	0
0.000235749	1.94643 	2	8.99052e-06	2.96778 	3
6.00483e-05	1.97305 	2	1.13652e-06	2.98378 	3
1.51534e-05	1.98648 	2	1.42808e-07	2.99247 	3
3.80618e-06	1.99322 	2	1.78679e-08	2.99864 	3
9.53794e-07	1.99660 	2	2.21925e-09	3.00923 	3
