
Initial state
Vec Object: 1 MPI processes
  type: seq
0.5
0.5

Final state
Vec Object: 1 MPI processes
  type: seq
0.556302
0.454091
  0 TAO,  Function value: 0.247442,  Residual: 1.71743 
  ---------- Testing Hessian -------------
  Run with -tao_test_hessian_view and optionally -tao_test_hessian <threshold> to show difference
    of hand-coded and finite difference Hessian entries greater than <threshold>.
  Testing hand-coded Hessian, if (for double precision runs) ||J - Jfd||_F/||J||_F is
    O(1.e-8), the hand-coded Hessian is probably correct.
  ||H - Hfd||_F/||H||_F = 2.3956e-08, ||H - Hfd||_F = 2.46665e-07
  0 TAO,  Function value: 0.0243649,  Residual: 0.0714423 
  ---------- Testing Hessian -------------
  ||H - Hfd||_F/||H||_F = 4.32256e-08, ||H - Hfd||_F = 5.42871e-08
  1 TAO,  Function value: 0.00751703,  Residual: 0.202647 
  ---------- Testing Hessian -------------
  ||H - Hfd||_F/||H||_F = 4.24016e-08, ||H - Hfd||_F = 1.3632e-07
  2 TAO,  Function value: 0.000267602,  Residual: 0.0335948 
  ---------- Testing Hessian -------------
  ||H - Hfd||_F/||H||_F = 4.05306e-08, ||H - Hfd||_F = 8.86278e-08
  3 TAO,  Function value: 7.26232e-07,  Residual: 0.00165329 
  ---------- Testing Hessian -------------
  ||H - Hfd||_F/||H||_F = 4.40203e-08, ||H - Hfd||_F = 8.69628e-08
  4 TAO,  Function value: 7.33484e-12,  Residual: 5.10608e-06 
  ---------- Testing Hessian -------------
  ||H - Hfd||_F/||H||_F = 6.01824e-08, ||H - Hfd||_F = 1.18203e-07
  5 TAO,  Function value: 7.75947e-22,  Residual: 5.22691e-11 

Tao solution
Vec Object: 1 MPI processes
  type: seq
-0.346574
0.346574
-0.693147

Initial state solution
Vec Object: 1 MPI processes
  type: seq
0.5
0.5

Gradient via adjoint
Vec Object: 1 MPI processes
  type: seq
-0.0330506
0.0330506
0.489537

Gradient of objective function
Vec Object: 1 MPI processes
  type: seq
-0.02407
0.463644

Gradient via adjoint (TLM)
Vec Object: 1 MPI processes
  type: seq
-0.0330534
0.0330534
0.489547

TLM matrices (Phi, Phi^T and Phi-(Phi^T)^T)
Mat Object: 1 MPI processes
  type: seqdense
-5.2670069145748588e-01 5.2670069145748588e-01 9.4933455217716967e-01 
-9.8633901087644887e-02 9.8633901087644887e-02 1.1051526727010725e+00 
Mat Object: 1 MPI processes
  type: seqdense
-5.2670069145748544e-01 -9.8633901087644874e-02 
5.2670069145748544e-01 9.8633901087644874e-02 
9.4933455217716878e-01 1.1051526727010723e+00 
Mat Object: 1 MPI processes
  type: seqdense
4.4408920985006262e-16 -4.4408920985006262e-16 -8.8817841970012523e-16 
1.3877787807814457e-17 -1.3877787807814457e-17 -2.2204460492503131e-16 

Gradient via TLM (explicit fwd via multtrans)
Vec Object: 1 MPI processes
  type: seq
-0.0330534
0.0330534
0.489547

Gradient via TLM (explicit adj via mult)
Vec Object: 1 MPI processes
  type: seq
-0.0330534
0.0330534
0.489547
Mat Object: H 1 MPI processes
  type: seqdense
3.2505606904297712e-01 -3.2505606904297724e-01 -7.2798571785258515e-01 
-3.2505606904297718e-01 3.2505606904297729e-01 7.2798571785258515e-01 
-7.2798571785258437e-01 7.2798571785258437e-01 2.8612388958085657e+00 
Mat Object: 1 MPI processes
  type: seqdense
0.0000000000000000e+00 5.5511151231257827e-17 7.7715611723760958e-16 
-5.5511151231257827e-17 0.0000000000000000e+00 -7.7715611723760958e-16 
-7.7715611723760958e-16 7.7715611723760958e-16 0.0000000000000000e+00 
-------------------------- Taylor test results ---------------------------
		Gradient				Hessian
--------------------------------------------------------------------------
0.000955062	0.00000 	0	7.24507e-05	0.00000 	0
0.000247621	1.94746 	2	9.25726e-06	2.96834 	3
6.30495e-05	1.97358 	2	1.17002e-06	2.98405 	3
1.59078e-05	1.98675 	2	1.47067e-07	2.99199 	3
3.99529e-06	1.99337 	2	1.84345e-08	2.99599 	3
1.00112e-06	1.99668 	2	2.30752e-09	2.99799 	3
