  ---------- Testing Gradient DAE terms -------------
  GradientDAE_U: ||H - Hmffd||_F/||H||_F = 1.04167e-09, ||H - Hmffd||_F = 1.47314e-09
  GradientDAE_Udot: ||H - Hmffd||_F/||H||_F = 1.9084e-10, ||H - Hmffd||_F = 3.30544e-10
  GradientDAE_M: ||H - Hmffd||_F/||H||_F = 2.48349e-09, ||H - Hmffd||_F = 1.28757e-09
  ---------- Testing Hessian DAE terms -------------
  HessianDAE_UU: ||H - Hmffd||_F/||H||_F = 2.64952e-08, ||H - Hmffd||_F = 1.47592e-07
  HessianDAE_UUdot: ||H - Hmffd||_F/||H||_F = 0., ||H - Hmffd||_F = 0.
  HessianDAE_UM: ||H - Hmffd||_F/||H||_F = 7.01022e-09, ||H - Hmffd||_F = 2.02074e-09
  HessianDAE_UdotU: ||H - Hmffd||_F/||H||_F = 0., ||H - Hmffd||_F = 0.
  HessianDAE_UdotUdot: ||H - Hmffd||_F/||H||_F = 0., ||H - Hmffd||_F = 0.
  HessianDAE_UdotM: ||H - Hmffd||_F/||H||_F = 0., ||H - Hmffd||_F = 0.
  HessianDAE_MU: ||H - Hmffd||_F/||H||_F = 6.55862e-09, ||H - Hmffd||_F = 1.89056e-09
  HessianDAE_MUdot: ||H - Hmffd||_F/||H||_F = 0., ||H - Hmffd||_F = 0.
  HessianDAE_MM: ||H - Hmffd||_F/||H||_F = 8.33195e-09, ||H - Hmffd||_F = 1.01557e-11

Objective: 0.53088

Final state:
 0:   2.2732e-01   1.3533e-01   3.1468e-02

Sensitivity matrix:
 0:  -1.6714e-01   0.0000e+00   0.0000e+00
 3:   2.1339e-01   0.0000e+00  -1.0885e-01

Gradient:
 0:  -1.2838e-01   1.8038e-02

TLM matrices (Phi, Phi^T and Phi-(Phi^T)^T)
Mat Object: 1 MPI processes
  type: seqdense
-1.6713909478932673e-01 2.1338918497190734e-01 
0.0000000000000000e+00 0.0000000000000000e+00 
0.0000000000000000e+00 -1.0884872199568038e-01 
Mat Object: 1 MPI processes
  type: seqdense
-1.6713932479537236e-01 0.0000000000000000e+00 0.0000000000000000e+00 
2.1338868827732338e-01 0.0000000000000000e+00 -1.0884872199568027e-01 
Mat Object: 1 MPI processes
  type: seqdense
-2.3000604562617433e-07 -4.9669458396239818e-07 
0.0000000000000000e+00 0.0000000000000000e+00 
0.0000000000000000e+00 1.1102230246251565e-16 
  ---------- Testing Hessian -------------
  Run with -tao_test_hessian_view and optionally -tao_test_hessian <threshold> to show difference
    of hand-coded and finite difference Hessian entries greater than <threshold>.
  Testing hand-coded Hessian, if (for double precision runs) ||J - Jfd||_F/||J||_F is
    O(1.e-8), the hand-coded Hessian is probably correct.
  ||H - Hfd||_F/||H||_F = 4.19246e-07, ||H - Hfd||_F = 2.04765e-06

Hessian:
Mat Object: H 1 MPI processes
  type: seqdense
1.5627992943190894e-01 -7.8678844022353658e-02 
-7.8678634032020425e-02 8.9815418469349095e-02 
Mat Object: 1 MPI processes
  type: seqdense
0.0000000000000000e+00 2.0999033323310101e-07 
-2.0999033323310101e-07 0.0000000000000000e+00 
-------------------------- Taylor test results ---------------------------
		Gradient				Hessian
--------------------------------------------------------------------------
0.00713788	0.00000 	0	0.000787761	0.00000 	0
0.00168017	2.08688 	2	9.26449e-05	3.08797 	3
0.000408130	2.04151 	2	1.12481e-05	3.04203 	3
0.000100607	2.02030 	2	1.38633e-06	3.02034 	3
